// Jest Snapshot v1, https://goo.gl/fbAQLP

exports[`TimelineNav Component renders correctly 1`] = `
<div class="timeline-nav">
  <base-carousel-stub name="timeline" slide-number="3" class="timeline-wrapper"></base-carousel-stub>
</div>
`;
