// Jest Snapshot v1, https://goo.gl/fbAQLP

exports[`Homepage render an empty string 1`] = ``;
